note: e0827 is a fork.response; replaying its request e0826
  e0827: 20 messages, digest VERIFIED sha=a7d695adc2f9f666 n=19 ver=1
replaying e0827: 20 messages, params={"temperature": 0.6, "top_k": 20, "top_p": 1.0, "max_tokens": 4096, "preserve_thinking": true, "enable_thinking": false}
digest: sha=a7d695adc2f9f666 n=19 ver=1  (matches baseline)
anchor: 'common_chat_templates_apply'   k=36

    1/36  HIT    14.0s   1373 chars
    2/36  HIT    14.7s   4256 chars
    3/36  HIT     9.3s   2429 chars
    4/36  HIT     5.8s   1670 chars
    5/36  HIT     6.4s   1707 chars
    6/36  HIT     4.8s   1302 chars
    7/36  HIT     4.3s   1130 chars
    8/36  HIT     8.0s   2014 chars
    9/36  HIT     6.6s   1838 chars
   10/36  HIT     5.9s   1665 chars
   11/36  HIT     6.7s   1891 chars
   12/36  HIT     5.2s   1487 chars
   13/36  HIT     6.0s   1731 chars
   14/36  HIT     5.5s   1339 chars
   15/36  HIT     5.9s   1636 chars
   16/36  HIT     5.1s   1486 chars
   17/36  HIT     4.0s   1142 chars
   18/36  HIT    14.9s   4204 chars
   19/36  HIT     5.8s   1609 chars
   20/36  HIT     6.3s   1873 chars
   21/36  HIT     4.6s   1310 chars
   22/36  HIT     4.9s   1414 chars
   23/36  HIT     5.9s   1665 chars
   24/36  HIT     5.6s   1531 chars
   25/36  HIT     4.5s   1199 chars
   26/36  HIT     6.0s   1612 chars
   27/36  HIT     5.6s   1533 chars
   28/36  HIT     5.8s   1621 chars
   29/36  HIT     6.8s   1763 chars
   30/36  HIT     5.7s   1618 chars
   31/36  HIT     8.1s   2312 chars
   32/36  HIT     4.4s   1109 chars
   33/36  HIT     5.8s   1669 chars
   34/36  HIT     5.5s   1587 chars
   35/36  HIT     6.6s   1955 chars
   36/36  HIT     5.9s   1690 chars

rate: 36/36 = 1.000   95% CI [0.904, 1.000]
latency: median 5.9s  max 14.9s  total 237s
baseline: 36/36 = 1.0000 pooled over 1 committed draws; test at z = 2.576

verdict: PASS — canary consistent with pinned substrate
