note: e0827 is a fork.response; replaying its request e0826
  e0827: 20 messages, digest VERIFIED sha=a7d695adc2f9f666 n=19 ver=1
replaying e0827: 20 messages, params={"temperature": 0.6, "top_k": 20, "top_p": 1.0, "max_tokens": 4096, "preserve_thinking": true, "enable_thinking": false}
digest: sha=a7d695adc2f9f666 n=19 ver=1  (matches baseline)
anchor: 'common_chat_templates_apply'   k=36

    1/36  HIT    12.9s   1658 chars
    2/36  HIT     4.9s   1394 chars
    3/36  HIT     3.8s    993 chars
    4/36  HIT     5.8s   1695 chars
    5/36  HIT     4.9s   1416 chars
    6/36  HIT     5.6s   1493 chars
    7/36  HIT     5.3s   1540 chars
    8/36  HIT     5.5s   1610 chars
    9/36  HIT     5.8s   1720 chars
   10/36  HIT     4.8s   1393 chars
   11/36  HIT     4.9s   1351 chars
   12/36  HIT     9.0s   2706 chars
   13/36  HIT     5.6s   1465 chars
   14/36  HIT     5.4s   1541 chars
   15/36  HIT     6.3s   1915 chars
   16/36  HIT     4.9s   1445 chars
   17/36  HIT     6.0s   1730 chars
   18/36  HIT     5.9s   1709 chars
   19/36  HIT     4.7s   1407 chars
   20/36  HIT     4.5s   1346 chars
   21/36  HIT     5.9s   1680 chars
   22/36  HIT     5.3s   1557 chars
   23/36  HIT     6.2s   1794 chars
   24/36  HIT     5.3s   1515 chars
   25/36  HIT     4.9s   1401 chars
   26/36  HIT     4.5s   1294 chars
   27/36  HIT     4.2s   1147 chars
   28/36  HIT     9.3s   2593 chars
   29/36  HIT     4.0s   1183 chars
   30/36  HIT     5.1s   1476 chars
   31/36  HIT    10.5s   2822 chars
   32/36  HIT     6.1s   1799 chars
   33/36  HIT     5.1s   1517 chars
   34/36  HIT     4.9s   1361 chars
   35/36  HIT     4.0s   1078 chars
   36/36  HIT     5.2s   1479 chars

rate: 36/36 = 1.000   95% CI [0.904, 1.000]
latency: median 5.3s  max 12.9s  total 207s
baseline: 36/36 = 1.0000 pooled over 1 committed draws; test at z = 2.576

verdict: PASS — canary consistent with pinned substrate
