note: e0827 is a fork.response; replaying its request e0826
  e0827: 20 messages, digest VERIFIED sha=a7d695adc2f9f666 n=19 ver=1
replaying e0827: 20 messages, params={"temperature": 0.6, "top_k": 20, "top_p": 1.0, "max_tokens": 4096, "preserve_thinking": true, "enable_thinking": false}
digest: sha=a7d695adc2f9f666 n=19 ver=1  (matches baseline)
anchor: 'common_chat_templates_apply'   k=36

    1/36  HIT    18.2s   2432 chars
    2/36  HIT     7.6s   1869 chars
    3/36  HIT     4.4s   1014 chars
    4/36  HIT     8.1s   1625 chars
    5/36  HIT     3.5s    771 chars
    6/36  HIT     6.9s   1718 chars
    7/36  HIT     8.5s   2210 chars
    8/36  HIT     5.0s   1243 chars
    9/36  HIT     6.4s   1715 chars
   10/36  HIT     5.6s   1332 chars
   11/36  HIT     6.9s   1500 chars
   12/36  HIT     9.2s   2332 chars
   13/36  HIT     4.7s   1254 chars
   14/36  HIT     6.7s   1738 chars
   15/36  HIT     9.3s   2533 chars
   16/36  HIT     3.5s    903 chars
   17/36  HIT     9.9s   2395 chars
   18/36  HIT     9.9s   2201 chars
   19/36  HIT     5.0s   1379 chars
   20/36  HIT     4.8s   1266 chars
   21/36  HIT     8.4s   2238 chars
   22/36  HIT     4.2s   1134 chars
   23/36  HIT     4.1s   1150 chars
   24/36  HIT     7.0s   1704 chars
   25/36  HIT     8.8s   2023 chars
   26/36  HIT     7.2s   1709 chars
   27/36  HIT     9.3s   2167 chars
   28/36  HIT     9.7s   2608 chars
   29/36  HIT    10.0s   2349 chars
   30/36  HIT    10.7s   2599 chars
   31/36  HIT     6.9s   1809 chars
   32/36  miss    0.8s     84 chars
   33/36  HIT     4.6s   1186 chars
   34/36  HIT     4.6s   1131 chars
   35/36  HIT     4.4s   1057 chars
   36/36  HIT    10.7s   2422 chars

rate: 35/36 = 0.972   95% CI [0.858, 0.995]
latency: median 6.9s  max 18.2s  total 256s
baseline: 354/360 = 0.9833 pooled over 10 committed draws; test at z = 2.576

verdict: PASS — canary consistent with pinned substrate
