Sat Oct  3 14:57:36 PDT 2026
d12c2221a17049480c073454bb36f0ce3e3cda3e Merge branch 'chore/release-0.7.0': v0.7.0
rustc 1.99.0 (b940084d7 2026-09-28)
cargo 1.99.0 (5f94df478 2026-08-27)
Xcode 27.0
Build version 27A266a
ProductName:		macOS
ProductVersion:		27.0
BuildVersion:		26A428
   Compiling proc-macro2 v1.0.106
   Compiling unicode-ident v1.0.24
   Compiling quote v1.0.46
   Compiling libc v0.2.186
   Compiling serde_core v1.0.228
   Compiling memchr v2.8.2
   Compiling serde v1.0.228
   Compiling itoa v1.0.18
   Compiling pin-project-lite v0.2.17
   Compiling zmij v1.0.21
   Compiling cfg-if v1.0.4
   Compiling once_cell v1.21.4
   Compiling version_check v0.9.5
   Compiling log v0.4.33
   Compiling tracing-core v0.1.36
   Compiling futures-core v0.3.32
   Compiling zerocopy v0.8.53
   Compiling crossbeam-utils v0.8.22
   Compiling serde_json v1.0.150
   Compiling generic-array v0.14.7
   Compiling getrandom v0.3.4
   Compiling strsim v0.11.1
   Compiling fnv v1.0.7
   Compiling crossbeam-epoch v0.9.20
   Compiling futures-sink v0.3.32
   Compiling ident_case v1.0.1
   Compiling futures-channel v0.3.32
   Compiling aho-corasick v1.1.4
   Compiling regex-syntax v0.8.11
   Compiling hashbrown v0.17.1
   Compiling thiserror v2.0.18
   Compiling typenum v1.20.1
   Compiling bytes v1.12.0
   Compiling errno v0.3.14
   Compiling crossbeam-deque v0.8.7
   Compiling equivalent v1.0.2
   Compiling syn v2.0.118
   Compiling objc2 v0.6.4
   Compiling smallvec v1.15.2
   Compiling signal-hook-registry v1.4.8
   Compiling indexmap v2.14.0
   Compiling http v1.4.2
   Compiling mio v1.2.1
   Compiling socket2 v0.6.4
   Compiling rustversion v1.0.23
   Compiling objc2-encode v4.1.0
   Compiling rayon-core v1.13.0
   Compiling winnow v0.7.15
   Compiling toml_write v0.1.2
   Compiling http-body v1.0.1
   Compiling regex-automata v0.4.14
   Compiling syn v3.0.6
   Compiling httparse v1.10.1
   Compiling slab v0.4.12
   Compiling paste v1.0.15
   Compiling futures-io v0.3.32
   Compiling either v1.16.0
   Compiling futures-task v0.3.32
   Compiling ryu v1.0.23
   Compiling darling_core v0.20.11
   Compiling block-buffer v0.10.4
   Compiling crypto-common v0.1.7
   Compiling rand_core v0.9.5
   Compiling ahash v0.8.12
   Compiling esaxx-rs v0.1.10
   Compiling bit-vec v0.8.0
   Compiling bitflags v2.13.0
   Compiling utf8parse v0.2.2
   Compiling tower-service v0.3.3
   Compiling minimal-lexical v0.2.1
   Compiling bit-set v0.8.0
   Compiling objc2-foundation v0.3.2
   Compiling serde_derive v1.0.228
   Compiling tracing-attributes v0.1.31
   Compiling zerocopy-derive v0.8.53
   Compiling tokio-macros v2.7.0
   Compiling thiserror-impl v2.0.18
   Compiling tokio v1.52.3
   Compiling tracing v0.1.44
   Compiling darling_macro v0.20.11
   Compiling futures-macro v0.3.32
   Compiling nom v7.1.3
   Compiling darling v0.20.11
   Compiling async-trait v0.1.92
   Compiling monostate-impl v0.1.18
   Compiling derive_builder_core v0.20.2
   Compiling futures-util v0.3.32
   Compiling anstyle-parse v1.0.0
   Compiling digest v0.10.7
   Compiling rayon v1.12.0
   Compiling castaway v0.2.4
   Compiling block2 v0.6.2
   Compiling derive_builder_macro v0.20.2
   Compiling itertools v0.14.0
   Compiling cpufeatures v0.2.17
   Compiling httpdate v1.0.3
   Compiling tower-layer v0.3.3
   Compiling base64 v0.13.1
   Compiling percent-encoding v2.3.2
   Compiling serde_spanned v0.6.9
   Compiling toml_datetime v0.6.11
   Compiling unicode-segmentation v1.13.3
   Compiling is_terminal_polyfill v1.70.2
   Compiling sync_wrapper v1.0.2
   Compiling static_assertions v1.1.0
   Compiling toml_edit v0.22.27
   Compiling atomic-waker v1.1.2
   Compiling colorchoice v1.0.5
   Compiling anstyle v1.0.14
   Compiling getrandom v0.4.3
   Compiling macro_rules_attribute-proc_macro v0.2.2
   Compiling anstyle-query v1.1.5
   Compiling anstream v1.0.0
   Compiling spm_precompiled v0.1.4
   Compiling macro_rules_attribute v0.2.2
   Compiling compact_str v0.9.1
   Compiling rayon-cond v0.4.0
   Compiling hyper v1.10.1
   Compiling dary_heap v0.3.9
   Compiling form_urlencoded v1.2.2
   Compiling sha2 v0.10.9
   Compiling derive_builder v0.20.2
   Compiling objc2-core-ml v0.3.2
   Compiling ppv-lite86 v0.2.21
   Compiling sidekick-fm v0.7.0 (~/git/me/sidekick/.dev-data/builds/sidekick-v0.7.0/crates/sidekick-fm)
   Compiling monostate v0.1.18
   Compiling rand_chacha v0.9.0
   Compiling regex v1.12.4
   Compiling rand v0.9.4
   Compiling toml v0.8.23
   Compiling fancy-regex v0.14.0
   Compiling http-body-util v0.1.3
   Compiling sidekick-core v0.7.0 (~/git/me/sidekick/.dev-data/builds/sidekick-v0.7.0/crates/sidekick-core)
   Compiling unicode-normalization-alignments v0.1.12
   Compiling anyhow v1.0.103
   Compiling lazy_static v1.5.0
   Compiling unicode_categories v0.1.1
   Compiling mime v0.3.17
   Compiling option-ext v0.2.0
   Compiling heck v0.5.0
   Compiling clap_lex v1.1.0
   Compiling clap_derive v4.6.1
   Compiling tokenizers v0.21.4
   Compiling axum-core v0.5.6
   Compiling dirs-sys v0.5.0
   Compiling clap_builder v4.6.0
   Compiling sharded-slab v0.1.7
   Compiling hyper-util v0.1.20
   Compiling futures-executor v0.3.32
   Compiling tower v0.5.3
   Compiling half v2.7.1
   Compiling serde_urlencoded v0.7.1
   Compiling safetensors v0.5.3
   Compiling matchers v0.2.0
   Compiling serde_path_to_error v0.1.20
   Compiling sidekick-coreml v0.7.0 (~/git/me/sidekick/.dev-data/builds/sidekick-v0.7.0/crates/sidekick-coreml)
   Compiling tracing-log v0.2.0
   Compiling thread_local v1.1.9
   Compiling matchit v0.8.4
   Compiling sidekick-server v0.7.0 (~/git/me/sidekick/.dev-data/builds/sidekick-v0.7.0/crates/sidekick-server)
   Compiling nu-ansi-term v0.50.3
   Compiling axum v0.8.9
   Compiling uuid v1.23.4
   Compiling futures v0.3.32
   Compiling tracing-subscriber v0.3.23
   Compiling dirs v6.0.0
   Compiling base64 v0.22.1
   Compiling clap v4.6.1
   Compiling sidekick-embed v0.7.0 (~/git/me/sidekick/.dev-data/builds/sidekick-v0.7.0/crates/sidekick-embed)
    Finished `release` profile [optimized] target(s) in 31.54s
   Compiling serde_core v1.0.228
   Compiling memchr v2.8.2
   Compiling libc v0.2.186
   Compiling serde_json v1.0.150
   Compiling tracing-core v0.1.36
   Compiling smallvec v1.15.2
   Compiling log v0.4.33
   Compiling unicode-normalization-alignments v0.1.12
   Compiling tracing v0.1.44
   Compiling aho-corasick v1.1.4
   Compiling nom v7.1.3
   Compiling getrandom v0.3.4
   Compiling cpufeatures v0.2.17
   Compiling sha2 v0.10.9
   Compiling rand_core v0.9.5
   Compiling rand_chacha v0.9.0
   Compiling rand v0.9.4
   Compiling regex-automata v0.4.14
   Compiling serde v1.0.228
   Compiling monostate v0.1.18
   Compiling serde_spanned v0.6.9
   Compiling toml_datetime v0.6.11
   Compiling compact_str v0.9.1
   Compiling spm_precompiled v0.1.4
   Compiling ahash v0.8.12
   Compiling dary_heap v0.3.9
   Compiling toml_edit v0.22.27
   Compiling safetensors v0.5.3
   Compiling regex v1.12.4
   Compiling fancy-regex v0.14.0
   Compiling tokenizers v0.21.4
   Compiling toml v0.8.23
   Compiling sidekick-core v0.7.0 (~/git/me/sidekick/.dev-data/builds/sidekick-v0.7.0/crates/sidekick-core)
   Compiling sidekick-coreml v0.7.0 (~/git/me/sidekick/.dev-data/builds/sidekick-v0.7.0/crates/sidekick-coreml)
   Compiling sidekick-embed v0.7.0 (~/git/me/sidekick/.dev-data/builds/sidekick-v0.7.0/crates/sidekick-embed)
    Finished `release` profile [optimized] target(s) in 19.98s
exit 0
3c90d616764c6d81a53631bb3efb735e396c57bac63dc362631e756c824b7f2d  sidekickd
eb8b57838005ba6303a606f6050255c0a86b0622233c73735934db6888412f6e  examples/parity
