start 16:45:46 PDT
parity suite: Apple M1 Max, macOS 27.0 (26A428), 1 model(s)

=== laya-typed-decisions (zero-shot-classification)
  reference: convaiinnovations/laya-typed-decisions@1a793eb568, 2641 cases, oracles torch, fp16; torch 2.13.0, transformers 4.57.6
  bucket  128: ANE ops 1401/1419 eligible  model.mil 54e84ea433d4 weights da2657164371
  bucket  256: ANE ops 1521/1539 eligible  model.mil ef5cf87812b3 weights 0de6632c46f8
  bucket  512: ANE ops 1701/1719 eligible  model.mil f5ff8827ee0f weights 443fb1737c3f
  bucket 1024: ANE ops 2061/2079 eligible  model.mil e72698b176a0 weights fdd1a4589abe
  path grade   worst Δp (case)                       stress    mean Δp     Δlogit flips  ties   calib Δp    buckets       pads  ms/case
  gpu  A        3.43e-2 (sports_recap.sport.062)          -    7.03e-4    5.11e-1     0     0    3.43e-2    3.08e-3     0.00e0     40.9
  ane  C        2.50e-2 (ticket_route.contains_pii.044)          -    1.30e-3    5.16e-1     0     3    1.66e-2     0.00e0     0.00e0     39.6
  fp16 ceiling (ideal fp16 vs fp32): max 2.52e-2, p99 3.76e-3, mean 6.14e-4
  p99 Δp / ceiling p99, the better of it and the absolute grade counts: gpu 1.02x (A; absolute D; max 1.36x), ane 2.14x (C; absolute D; max 0.99x)
  ANE across two processes: Δp 0.00e0 over 8 cases
  bucket invariance: sampled (the largest bucket, 1024, is over 512): the next larger bucket for every case; every larger bucket for 276 of 2641 cases (the adversarial ones and every 10th)
  ane near tie (not graded): email_triage.action.021: reply → escalate (margin 0.0010)
  ane near tie (not graded): email_triage.category.065: security → support (margin 0.0131)
  ane near tie (not graded): long-travel_request-intent: refund → hotel (margin 0.0242)
  gold accuracy (report only): reference 1437/2606 (55.1%); gpu 1437/2606 (55.1%), ane 1436/2606 (55.1%)
  worst Δp by tag:        gpu       ane
    action           3.83e-3   6.12e-3
    adversarial      1.70e-3   2.65e-3
    agent_handoff    3.76e-3   8.46e-3
    asking_status    5.55e-3   1.22e-2
    at-max-len       1.75e-3   2.35e-3
    banking_intent   3.01e-3   4.43e-3
    benefits_request   5.55e-3   1.22e-2
    boundary         1.34e-3   1.84e-3
    category         5.24e-3   6.41e-3
    choice           3.43e-2   2.00e-2
    clinic_request   4.54e-3   9.10e-3
    contains_pii     2.95e-3   2.50e-2
    default-instructions   1.70e-3   2.65e-3
    doc_type         2.90e-3   4.88e-3
    document_type    2.90e-3   4.88e-3
    email_triage     5.24e-3   6.41e-3
    feedback_type    2.68e-2   1.45e-2
    field            5.23e-3   1.16e-2
    format           3.09e-3   6.64e-3
    intent           4.45e-3   1.30e-2
    is_phishing      1.75e-3   2.71e-3
    k32              1.71e-3   8.01e-4
    literal-specials   4.71e-4   1.39e-3
    long             1.75e-3   8.42e-3
    long-options     1.71e-3   8.01e-4
    massive-activation   3.38e-4   9.01e-4
    needs_reply      1.70e-3   6.37e-3
    news_topic       4.45e-3   1.38e-2
    noul             5.55e-3   2.50e-2
    noul-custom      2.49e-4   6.57e-5
    option-cut       4.43e-5   6.88e-4
    option-shrink    3.50e-4   4.41e-4
    paper_field      5.23e-3   1.16e-2
    product_feedback   2.68e-2   1.45e-2
    program          2.44e-3   4.64e-3
    question-cut     3.50e-4   4.41e-4
    queue            2.39e-3   4.55e-3
    request          4.54e-3   9.10e-3
    restaurant_review   2.54e-3   6.03e-3
    result           7.14e-3   2.00e-2
    review_sentiment   3.91e-3   6.09e-3
    score            3.91e-3   6.09e-3
    screen_tags      3.09e-3   6.64e-3
    sentiment        3.91e-3   6.09e-3
    should_handoff   3.76e-3   8.46e-3
    sport            3.43e-2   1.41e-2
    sports_recap     3.43e-2   2.00e-2
    state-truncation   3.38e-4   9.01e-4
    support_intent   3.21e-3   7.48e-3
    support_topic    3.59e-3   7.20e-3
    ticket_route     3.88e-3   2.50e-2
    topic            4.45e-3   1.38e-2
    travel_request   4.45e-3   1.30e-2
    upset            5.30e-3   1.49e-2
    urgency          3.88e-3   2.30e-3
    urgent           2.73e-3   8.05e-3
  fp16 (report only): sidekick vs it: gpu 2.27e-2, ane 3.02e-2
  highest-Δp cases:
    sports_recap.sport.062      134 tok k=8  gpu 3.43e-2  ane 3.06e-3  [sports_recap,sport,choice]
    product_feedback.feedback_type.086  134 tok k=4  gpu 2.68e-2  ane 1.45e-2  [product_feedback,feedback_type,choice]
    ticket_route.contains_pii.044  172 tok k=2  gpu 1.13e-3  ane 2.50e-2  [ticket_route,contains_pii,noul]
    sports_recap.result.072     233 tok k=4  gpu 7.49e-4  ane 2.00e-2  [sports_recap,result,choice]
    sports_recap.upset.059      154 tok k=2  gpu 2.72e-3  ane 1.49e-2  [sports_recap,upset,noul]
    sports_recap.sport.098      193 tok k=8  gpu 5.01e-3  ane 1.41e-2  [sports_recap,sport,choice]
  PASS

parity: PASS
exit 0
end 17:10:34
7cb25496545006dc01e1961e08d9618395b8d4d0245d86e709a799d0e7910607  ~/git/me/sidekick/.dev-data/discipline-165/regrade-laya-typed.json
