note: e0827 is a fork.response; replaying its request e0826
  e0827: 20 messages, digest VERIFIED sha=a7d695adc2f9f666 n=19 ver=1
replaying e0827: 20 messages, params={"temperature": 0.6, "top_k": 20, "top_p": 1.0, "max_tokens": 4096, "preserve_thinking": true, "enable_thinking": false}
digest: sha=a7d695adc2f9f666 n=19 ver=1  (matches baseline)
anchor: 'common_chat_templates_apply'   k=36

    1/36  HIT    15.8s   1834 chars
    2/36  HIT     4.9s   1369 chars
    3/36  HIT     8.4s   2139 chars
    4/36  HIT     4.1s   1019 chars
    5/36  HIT    11.3s   2324 chars
    6/36  HIT     9.7s   2379 chars
    7/36  HIT     8.1s   1950 chars
    8/36  HIT     3.9s   1146 chars
    9/36  HIT     8.4s   2074 chars
   10/36  HIT     4.2s    983 chars
   11/36  HIT     5.1s   1301 chars
   12/36  HIT     8.3s   1768 chars
   13/36  miss    0.8s     84 chars
   14/36  HIT     7.3s   1692 chars
   15/36  HIT     7.1s   1735 chars
   16/36  HIT     5.9s   1498 chars
   17/36  HIT     4.3s    967 chars
   18/36  HIT     7.9s   1811 chars
   19/36  HIT     5.7s   1519 chars
   20/36  HIT     7.7s   1649 chars
   21/36  HIT     3.2s    803 chars
   22/36  HIT     2.9s    700 chars
   23/36  HIT     8.0s   1902 chars
   24/36  HIT     8.7s   2041 chars
   25/36  HIT    12.2s   2577 chars
   26/36  HIT    11.8s   2497 chars
   27/36  HIT     3.2s    779 chars
   28/36  HIT     7.1s   1821 chars
   29/36  HIT     5.1s   1231 chars
   30/36  HIT     4.0s   1028 chars
   31/36  HIT     3.2s    765 chars
   32/36  HIT     7.8s   1682 chars
   33/36  HIT     8.4s   2123 chars
   34/36  HIT     8.5s   2155 chars
   35/36  HIT     6.9s   1651 chars
   36/36  HIT     8.8s   2026 chars

rate: 35/36 = 0.972   95% CI [0.858, 0.995]
latency: median 7.3s  max 15.8s  total 249s
baseline: 354/360 = 0.9833 pooled over 10 committed draws; test at z = 2.576

verdict: PASS — canary consistent with pinned substrate
