note: e0827 is a fork.response; replaying its request e0826
  e0827: 20 messages, digest VERIFIED sha=a7d695adc2f9f666 n=19 ver=1
replaying e0827: 20 messages, params={"temperature": 0.6, "top_k": 20, "top_p": 1.0, "max_tokens": 4096, "preserve_thinking": true, "enable_thinking": false}
digest: sha=a7d695adc2f9f666 n=19 ver=1  (matches baseline)
anchor: 'common_chat_templates_apply'   k=36

    1/36  HIT    16.6s   2071 chars
    2/36  HIT    11.1s   2615 chars
    3/36  HIT     7.3s   1573 chars
    4/36  HIT     3.0s    917 chars
    5/36  HIT     8.2s   1894 chars
    6/36  HIT     4.9s   1226 chars
    7/36  HIT     9.6s   2185 chars
    8/36  HIT     5.3s   1326 chars
    9/36  HIT     5.1s   1175 chars
   10/36  HIT    10.1s   2217 chars
   11/36  HIT    11.8s   2489 chars
   12/36  HIT     4.9s   1142 chars
   13/36  HIT    10.9s   2502 chars
   14/36  HIT     8.6s   1968 chars
   15/36  HIT     7.8s   1780 chars
   16/36  HIT    10.0s   2189 chars
   17/36  HIT     7.5s   1652 chars
   18/36  HIT    10.6s   2495 chars
   19/36  HIT     3.9s    940 chars
   20/36  HIT     3.9s   1030 chars
   21/36  HIT     5.0s   1230 chars
   22/36  HIT     7.7s   1856 chars
   23/36  HIT    10.0s   2593 chars
   24/36  HIT     6.9s   1710 chars
   25/36  HIT    10.4s   2430 chars
   26/36  HIT     8.6s   1963 chars
   27/36  HIT     4.7s   1204 chars
   28/36  HIT     7.7s   1941 chars
   29/36  HIT    11.2s   2476 chars
   30/36  HIT     4.0s   1056 chars
   31/36  HIT     7.8s   2047 chars
   32/36  HIT     4.5s   1010 chars
   33/36  HIT    12.6s   3069 chars
   34/36  HIT    13.4s   3078 chars
   35/36  HIT    11.5s   2915 chars
   36/36  HIT    10.5s   2246 chars

rate: 36/36 = 1.000   95% CI [0.904, 1.000]
latency: median 8.2s  max 16.6s  total 298s
baseline: 354/360 = 0.9833 pooled over 10 committed draws; test at z = 2.576

verdict: PASS — canary consistent with pinned substrate
