note: e0827 is a fork.response; replaying its request e0826
  e0827: 20 messages, digest VERIFIED sha=a7d695adc2f9f666 n=19 ver=1
replaying e0827: 20 messages, params={"temperature": 0.6, "top_k": 20, "top_p": 1.0, "max_tokens": 4096, "preserve_thinking": true, "enable_thinking": false}
digest: sha=a7d695adc2f9f666 n=19 ver=1  (matches baseline)
anchor: 'common_chat_templates_apply'   k=36

    1/36  HIT    18.4s   2645 chars
    2/36  HIT    11.1s   2352 chars
    3/36  HIT    12.8s   2568 chars
    4/36  HIT     9.4s   2023 chars
    5/36  HIT     6.5s   1576 chars
    6/36  HIT    10.5s   2500 chars
    7/36  HIT     7.2s   1718 chars
    8/36  HIT     9.5s   2091 chars
    9/36  HIT    12.0s   2581 chars
   10/36  HIT    10.2s   2315 chars
   11/36  HIT     8.5s   1970 chars
   12/36  HIT     5.5s   1229 chars
   13/36  HIT     6.4s   1511 chars
   14/36  HIT    11.0s   2432 chars
   15/36  HIT    11.9s   2573 chars
   16/36  HIT    11.5s   2437 chars
   17/36  HIT    11.8s   2527 chars
   18/36  HIT     4.1s   1038 chars
   19/36  HIT     8.9s   2177 chars
   20/36  HIT     7.4s   1820 chars
   21/36  HIT    11.3s   2428 chars
   22/36  HIT     4.8s   1128 chars
   23/36  HIT    10.0s   2209 chars
   24/36  HIT     9.9s   2314 chars
   25/36  HIT    11.5s   2935 chars
   26/36  HIT     9.6s   2072 chars
   27/36  HIT     5.2s   1240 chars
   28/36  HIT    10.5s   2218 chars
   29/36  HIT    11.1s   2282 chars
   30/36  HIT     9.1s   2117 chars
   31/36  HIT     7.9s   1794 chars
   32/36  HIT     9.1s   2145 chars
   33/36  HIT    10.3s   2539 chars
   34/36  HIT    13.0s   2792 chars
   35/36  HIT     6.2s   1465 chars
   36/36  HIT     6.0s   1369 chars

rate: 36/36 = 1.000   95% CI [0.904, 1.000]
latency: median 9.9s  max 18.4s  total 340s
baseline: 354/360 = 0.9833 pooled over 10 committed draws; test at z = 2.576

verdict: PASS — canary consistent with pinned substrate
