note: e0827 is a fork.response; replaying its request e0826
  e0827: 20 messages, digest VERIFIED sha=a7d695adc2f9f666 n=19 ver=1
replaying e0827: 20 messages, params={"temperature": 0.6, "top_k": 20, "top_p": 1.0, "max_tokens": 4096, "preserve_thinking": true, "enable_thinking": false}
digest: sha=a7d695adc2f9f666 n=19 ver=1  (matches baseline)
anchor: 'common_chat_templates_apply'   k=36

    1/36  HIT    10.3s   2345 chars
    2/36  HIT     5.8s   1494 chars
    3/36  HIT     7.5s   1609 chars
    4/36  miss    0.9s     84 chars
    5/36  HIT    10.7s   2377 chars
    6/36  HIT     9.4s   2158 chars
    7/36  HIT    10.7s   2433 chars
    8/36  HIT     9.1s   1939 chars
    9/36  HIT     4.3s    971 chars
   10/36  HIT    14.0s   2849 chars
   11/36  HIT    13.2s   2519 chars
   12/36  HIT    13.2s   2670 chars
   13/36  HIT     4.5s   1124 chars
   14/36  HIT     4.4s   1033 chars
   15/36  HIT     4.6s   1120 chars
   16/36  HIT     9.7s   1961 chars
   17/36  HIT     4.2s   1095 chars
   18/36  HIT     7.0s   1609 chars
   19/36  HIT     7.6s   1723 chars
   20/36  HIT     8.8s   1872 chars
   21/36  HIT     5.8s   1377 chars
   22/36  HIT     9.5s   2303 chars
   23/36  HIT     8.8s   1786 chars
   24/36  HIT     3.7s    907 chars
   25/36  HIT    12.3s   2550 chars
   26/36  HIT     9.5s   2014 chars
   27/36  HIT    12.0s   2562 chars
   28/36  HIT    10.5s   2494 chars
   29/36  HIT     4.7s   1113 chars
   30/36  miss    0.9s     84 chars
   31/36  HIT     3.0s    719 chars
   32/36  HIT    10.5s   2354 chars
   33/36  HIT    13.2s   2697 chars
   34/36  HIT     8.4s   2055 chars
   35/36  HIT     8.3s   1960 chars
   36/36  HIT     8.4s   1781 chars

rate: 34/36 = 0.944   95% CI [0.819, 0.985]
latency: median 8.8s  max 14.0s  total 289s

verdict: DRIFT — canary expected 1.00, observed CI [0.82,0.98] — SUBSTRATE DRIFT, other verdicts in this run are void
