note: e0827 is a fork.response; replaying its request e0826
  e0827: 20 messages, digest VERIFIED sha=a7d695adc2f9f666 n=19 ver=1
replaying e0827: 20 messages, params={"temperature": 0.6, "top_k": 20, "top_p": 1.0, "max_tokens": 4096, "preserve_thinking": true, "enable_thinking": false}
digest: sha=a7d695adc2f9f666 n=19 ver=1  (matches baseline)
anchor: 'common_chat_templates_apply'   k=36

    1/36  HIT     8.2s   1951 chars
    2/36  HIT    12.4s   2889 chars
    3/36  HIT     3.2s    775 chars
    4/36  HIT     2.1s    554 chars
    5/36  HIT     4.6s   1041 chars
    6/36  HIT     8.2s   1793 chars
    7/36  HIT     2.7s    702 chars
    8/36  HIT     8.7s   2133 chars
    9/36  HIT     8.8s   2000 chars
   10/36  HIT    10.9s   2276 chars
   11/36  HIT     5.4s   1585 chars
   12/36  HIT     8.4s   2124 chars
   13/36  HIT     8.7s   2099 chars
   14/36  HIT     6.0s   1593 chars
   15/36  HIT     8.1s   1920 chars
   16/36  HIT     8.6s   2121 chars
   17/36  HIT     6.3s   1448 chars
   18/36  HIT     3.3s    826 chars
   19/36  HIT    10.5s   2400 chars
   20/36  HIT     4.3s   1028 chars
   21/36  HIT     7.1s   1778 chars
   22/36  HIT     6.9s   1632 chars
   23/36  HIT     8.0s   1981 chars
   24/36  HIT     3.8s    935 chars
   25/36  HIT     9.0s   2280 chars
   26/36  HIT     5.3s   1373 chars
   27/36  HIT     7.0s   1703 chars
   28/36  HIT    11.5s   2556 chars
   29/36  HIT     7.0s   1716 chars
   30/36  HIT     6.8s   1710 chars
   31/36  HIT     4.2s    943 chars
   32/36  HIT     9.1s   2299 chars
   33/36  HIT     4.0s    906 chars
   34/36  HIT    10.4s   2189 chars
   35/36  HIT    10.9s   2190 chars
   36/36  HIT     3.6s    908 chars

rate: 36/36 = 1.000   95% CI [0.904, 1.000]
latency: median 7.1s  max 12.4s  total 254s

verdict: PASS — canary consistent with pinned substrate
