note: e0827 is a fork.response; replaying its request e0826
  e0827: 20 messages, digest VERIFIED sha=a7d695adc2f9f666 n=19 ver=1
replaying e0827: 20 messages, params={"temperature": 0.6, "top_k": 20, "top_p": 1.0, "max_tokens": 4096, "preserve_thinking": true, "enable_thinking": false}
digest: sha=a7d695adc2f9f666 n=19 ver=1  (matches baseline)
anchor: 'common_chat_templates_apply'   k=36

    1/36  HIT    11.5s   1020 chars
    2/36  HIT     4.0s    955 chars
    3/36  HIT     9.9s   2017 chars
    4/36  HIT     3.1s    814 chars
    5/36  HIT     9.8s   2381 chars
    6/36  HIT     6.5s   1565 chars
    7/36  HIT    10.6s   2386 chars
    8/36  HIT     4.1s    928 chars
    9/36  HIT    11.1s   2697 chars
   10/36  HIT     3.1s    887 chars
   11/36  HIT     4.4s    876 chars
   12/36  HIT     4.7s   1108 chars
   13/36  HIT    12.1s   2909 chars
   14/36  HIT     9.0s   1986 chars
   15/36  HIT     3.0s    612 chars
   16/36  HIT     5.2s   1424 chars
   17/36  HIT     4.6s   1128 chars
   18/36  HIT     4.9s   1273 chars
   19/36  HIT     7.2s   1650 chars
   20/36  HIT     2.9s    652 chars
   21/36  HIT     6.4s   1657 chars
   22/36  HIT     4.9s   1340 chars
   23/36  HIT     3.8s    919 chars
   24/36  HIT     3.7s    933 chars
   25/36  HIT     5.8s   1236 chars
   26/36  HIT     7.2s   1777 chars
   27/36  HIT     4.9s   1240 chars
   28/36  HIT     9.1s   2276 chars
   29/36  HIT     9.5s   2514 chars
   30/36  HIT     9.4s   2236 chars
   31/36  HIT     5.7s   1461 chars
   32/36  HIT     3.7s    993 chars
   33/36  HIT     9.9s   2283 chars
   34/36  HIT     5.0s   1279 chars
   35/36  HIT    11.3s   2632 chars
   36/36  HIT    12.1s   2582 chars

rate: 36/36 = 1.000   95% CI [0.904, 1.000]
latency: median 5.8s  max 12.1s  total 244s
baseline: 354/360 = 0.9833 pooled over 10 committed draws; test at z = 2.576

verdict: PASS — canary consistent with pinned substrate
