0.00.210.719 I common_init_result: fitting params to device memory ...
0.00.210.722 I common_init_result: (for bugs during this step try to reproduce them with -fit off, or provide --verbose logs if the bug only occurs with -fit on)
0.08.127.396 W llama_context: n_ctx_seq (4096) < n_ctx_train (262144) -- the full capacity of the model will not be utilized
0.08.162.541 I common_init_from_params: warming up the model with an empty run - please wait ... (--no-warmup to disable)
TCQ decode: context-adaptive V alpha enabled
0.08.454.358 I 
0.08.454.492 I system_info: n_threads = 8 (n_threads_batch = 8) / 16 | CUDA : ARCHS = 750,800,860,890,900,1200,1210 | USE_GRAPHS = 1 | PEER_MAX_BATCH_SIZE = 128 | CPU : SSE3 = 1 | SSSE3 = 1 | AVX = 1 | AVX2 = 1 | F16C = 1 | FMA = 1 | BMI2 = 1 | LLAMAFILE = 1 | OPENMP = 1 | REPACK = 1 | 
0.08.591.453 I kl_divergence: computing over 12 chunks, n_ctx=4096, batch_size=512, n_seq=1
0.12.556.569 I kl_divergence: 3.97 seconds per pass - ETA 0.78 minutes

chunk             PPL               ln(PPL(Q)/PPL(base))          KL Divergence              Δp RMS            Same top p
   1       2.0298 ±    0.0743       0.03531 ±    0.00954       0.06856 ±    0.00458     8.992 ±  0.499 %    92.574 ±  0.580 %
   2       2.1603 ±    0.0583       0.03689 ±    0.00709       0.07463 ±    0.00317     9.198 ±  0.340 %    92.550 ±  0.410 %
   3       2.0575 ±    0.0433       0.04857 ±    0.00635       0.08674 ±    0.00391    10.702 ±  0.348 %    92.477 ±  0.337 %
   4       1.9391 ±    0.0345       0.05836 ±    0.00656       0.09949 ±    0.00420    11.661 ±  0.322 %    93.002 ±  0.282 %
   5       1.8961 ±    0.0296       0.06931 ±    0.00617       0.11561 ±    0.00421    12.238 ±  0.292 %    92.506 ±  0.260 %
   6       1.8569 ±    0.0261       0.07310 ±    0.00573       0.12119 ±    0.00398    12.714 ±  0.269 %    92.518 ±  0.237 %
   7       1.8426 ±    0.0240       0.06765 ±    0.00524       0.12011 ±    0.00367    12.442 ±  0.248 %    92.609 ±  0.219 %
   8       1.8316 ±    0.0222       0.06977 ±    0.00501       0.12723 ±    0.00362    12.785 ±  0.237 %    92.416 ±  0.207 %
   9       1.8049 ±    0.0206       0.06393 ±    0.00461       0.12342 ±    0.00333    12.460 ±  0.222 %    92.623 ±  0.193 %
  10       1.7853 ±    0.0192       0.06266 ±    0.00436       0.12160 ±    0.00311    12.369 ±  0.210 %    92.780 ±  0.181 %
  11       1.7854 ±    0.0183       0.06285 ±    0.00419       0.12204 ±    0.00295    12.276 ±  0.199 %    92.739 ±  0.173 %
  12       1.7497 ±    0.0169       0.05947 ±    0.00391       0.11755 ±    0.00275    12.030 ±  0.190 %    92.937 ±  0.163 %

====== Perplexity statistics ======
Mean PPL(Q)                   :   1.749728 ±   0.016898
Mean PPL(base)                :   1.648707 ±   0.015217
Cor(ln(PPL(Q)), ln(PPL(base))):  91.51%
Mean ln(PPL(Q)/PPL(base))     :   0.059469 ±   0.003915
Mean PPL(Q)/PPL(base)         :   1.061273 ±   0.004155
Mean PPL(Q)-PPL(base)         :   0.101021 ±   0.006820

====== KL divergence statistics ======
Mean    KLD:   0.117547 ±   0.002753
Maximum KLD:   9.266205
99.9%   KLD:   5.341166
99.0%   KLD:   1.983953
95.0%   KLD:   0.584651
90.0%   KLD:   0.265296
Median  KLD:   0.002528
10.0%   KLD:   0.000033
 5.0%   KLD:   0.000011
 1.0%   KLD:   0.000002
 0.1%   KLD:  -0.000001
Minimum KLD:  -0.000004

====== Token probability statistics ======
Mean    Δp: -1.800 ± 0.076 %
Maximum Δp: 91.740%
99.9%   Δp: 62.858%
99.0%   Δp: 27.886%
95.0%   Δp:  7.388%
90.0%   Δp:  2.033%
75.0%   Δp:  0.077%
Median  Δp: -0.001%
25.0%   Δp: -0.538%
10.0%   Δp: -7.705%
 5.0%   Δp: -18.206%
 1.0%   Δp: -57.863%
 0.1%   Δp: -94.302%
Minimum Δp: -99.869%
RMS Δp    : 12.030 ± 0.190 %
Same top p: 92.937 ± 0.163 %

