0.00.224.385 I common_init_result: fitting params to device memory ...
0.00.224.389 I common_init_result: (for bugs during this step try to reproduce them with -fit off, or provide --verbose logs if the bug only occurs with -fit on)
0.03.447.799 W llama_context: n_ctx_seq (4096) < n_ctx_train (262144) -- the full capacity of the model will not be utilized
0.03.482.984 I common_init_from_params: warming up the model with an empty run - please wait ... (--no-warmup to disable)
TCQ decode: context-adaptive V alpha enabled
0.03.701.436 I 
0.03.701.516 I system_info: n_threads = 8 (n_threads_batch = 8) / 16 | CUDA : ARCHS = 750,800,860,890,900,1200,1210 | USE_GRAPHS = 1 | PEER_MAX_BATCH_SIZE = 128 | CPU : SSE3 = 1 | SSSE3 = 1 | AVX = 1 | AVX2 = 1 | F16C = 1 | FMA = 1 | BMI2 = 1 | LLAMAFILE = 1 | OPENMP = 1 | REPACK = 1 | 
0.03.837.582 I kl_divergence: computing over 12 chunks, n_ctx=4096, batch_size=512, n_seq=1
0.07.782.911 I kl_divergence: 3.95 seconds per pass - ETA 0.78 minutes

chunk             PPL               ln(PPL(Q)/PPL(base))          KL Divergence              Δp RMS            Same top p
   1       7.9587 ±    0.4286       0.14272 ±    0.01552       0.19480 ±    0.00739    12.061 ±  0.535 %    79.775 ±  0.888 %
   2       7.7238 ±    0.3008       0.14144 ±    0.01127       0.18884 ±    0.00630    12.703 ±  0.401 %    80.997 ±  0.613 %
   3       6.0614 ±    0.1829       0.12742 ±    0.00896       0.18170 ±    0.00491    12.870 ±  0.324 %    82.430 ±  0.486 %
   4       5.8165 ±    0.1506       0.01088 ±    0.01211       0.27695 ±    0.01140    14.012 ±  0.298 %    81.277 ±  0.431 %
   5       6.0419 ±    0.1411      -0.03599 ±    0.01173       0.31613 ±    0.01135    14.343 ±  0.272 %    80.176 ±  0.394 %
   6       6.1449 ±    0.1314      -0.01845 ±    0.00999       0.28433 ±    0.00952    13.857 ±  0.244 %    80.614 ±  0.357 %
   7       6.3357 ±    0.1255      -0.00615 ±    0.00878       0.26190 ±    0.00820    13.327 ±  0.222 %    80.941 ±  0.328 %
   8       6.5127 ±    0.1209       0.00779 ±    0.00793       0.24870 ±    0.00723    13.029 ±  0.204 %    81.168 ±  0.306 %
   9       6.5718 ±    0.1148       0.01777 ±    0.00721       0.23823 ±    0.00647    12.732 ±  0.190 %    81.317 ±  0.287 %
  10       6.3258 ±    0.1046       0.02928 ±    0.00673       0.24056 ±    0.00606    13.129 ±  0.182 %    81.490 ±  0.271 %
  11       6.4656 ±    0.1026       0.02309 ±    0.00643       0.24890 ±    0.00575    13.155 ±  0.174 %    81.307 ±  0.260 %
  12       6.5121 ±    0.0988       0.02809 ±    0.00602       0.24182 ±    0.00530    12.991 ±  0.165 %    81.347 ±  0.249 %

====== Perplexity statistics ======
Mean PPL(Q)                   :   6.512097 ±   0.098816
Mean PPL(base)                :   6.331690 ±   0.100652
Cor(ln(PPL(Q)), ln(PPL(base))):  92.60%
Mean ln(PPL(Q)/PPL(base))     :   0.028094 ±   0.006017
Mean PPL(Q)/PPL(base)         :   1.028493 ±   0.006188
Mean PPL(Q)-PPL(base)         :   0.180407 ±   0.038398

====== KL divergence statistics ======
Mean    KLD:   0.241817 ±   0.005303
Maximum KLD:  25.933821
99.9%   KLD:  13.698982
99.0%   KLD:   2.888240
95.0%   KLD:   0.816021
90.0%   KLD:   0.451769
Median  KLD:   0.088189
10.0%   KLD:   0.001196
 5.0%   KLD:   0.000256
 1.0%   KLD:   0.000030
 0.1%   KLD:   0.000004
Minimum KLD:  -0.000006

====== Token probability statistics ======
Mean    Δp: -2.169 ± 0.082 %
Maximum Δp: 99.997%
99.9%   Δp: 83.593%
99.0%   Δp: 29.912%
95.0%   Δp: 12.845%
90.0%   Δp:  6.703%
75.0%   Δp:  0.782%
Median  Δp: -0.107%
25.0%   Δp: -4.008%
10.0%   Δp: -13.549%
 5.0%   Δp: -22.330%
 1.0%   Δp: -51.667%
 0.1%   Δp: -87.519%
Minimum Δp: -98.077%
RMS Δp    : 12.991 ± 0.165 %
Same top p: 81.347 ± 0.249 %

