0.00.213.820 I common_init_result: fitting params to device memory ...
0.00.213.823 I common_init_result: (for bugs during this step try to reproduce them with -fit off, or provide --verbose logs if the bug only occurs with -fit on)
0.03.415.960 W llama_context: n_ctx_seq (4096) < n_ctx_train (262144) -- the full capacity of the model will not be utilized
0.03.451.488 I common_init_from_params: warming up the model with an empty run - please wait ... (--no-warmup to disable)
TCQ decode: context-adaptive V alpha enabled
0.03.669.620 I 
0.03.669.697 I system_info: n_threads = 8 (n_threads_batch = 8) / 16 | CUDA : ARCHS = 750,800,860,890,900,1200,1210 | USE_GRAPHS = 1 | PEER_MAX_BATCH_SIZE = 128 | CPU : SSE3 = 1 | SSSE3 = 1 | AVX = 1 | AVX2 = 1 | F16C = 1 | FMA = 1 | BMI2 = 1 | LLAMAFILE = 1 | OPENMP = 1 | REPACK = 1 | 
0.03.807.500 I kl_divergence: computing over 12 chunks, n_ctx=4096, batch_size=512, n_seq=1
0.07.707.937 I kl_divergence: 3.90 seconds per pass - ETA 0.77 minutes

chunk             PPL               ln(PPL(Q)/PPL(base))          KL Divergence              Δp RMS            Same top p
   1       7.2843 ±    0.3857       0.05419 ±    0.01153       0.10649 ±    0.00477     9.188 ±  0.474 %    84.807 ±  0.794 %
   2       7.1261 ±    0.2731       0.06090 ±    0.00818       0.10059 ±    0.00397     9.066 ±  0.347 %    86.419 ±  0.535 %
   3       5.6420 ±    0.1679       0.05571 ±    0.00632       0.09469 ±    0.00294     9.126 ±  0.277 %    87.494 ±  0.422 %
   4       5.6262 ±    0.1475      -0.02238 ±    0.00899       0.14952 ±    0.00915    10.202 ±  0.284 %    86.834 ±  0.374 %
   5       5.9248 ±    0.1414      -0.05556 ±    0.00882       0.17043 ±    0.00906    10.577 ±  0.268 %    86.009 ±  0.343 %
   6       6.0100 ±    0.1309      -0.04066 ±    0.00749       0.15148 ±    0.00759    10.080 ±  0.243 %    86.419 ±  0.309 %
   7       6.1884 ±    0.1246      -0.02968 ±    0.00657       0.13832 ±    0.00651     9.597 ±  0.220 %    86.475 ±  0.286 %
   8       6.3427 ±    0.1192      -0.01866 ±    0.00591       0.13090 ±    0.00572     9.367 ±  0.202 %    86.560 ±  0.267 %
   9       6.3747 ±    0.1123      -0.01269 ±    0.00535       0.12419 ±    0.00509     9.145 ±  0.186 %    86.663 ±  0.250 %
  10       6.1083 ±    0.1018      -0.00572 ±    0.00499       0.12634 ±    0.00484     9.477 ±  0.176 %    86.707 ±  0.237 %
  11       6.2491 ±    0.1000      -0.01098 ±    0.00479       0.13011 ±    0.00458     9.527 ±  0.168 %    86.632 ±  0.227 %
  12       6.2954 ±    0.0963      -0.00575 ±    0.00448       0.12641 ±    0.00421     9.373 ±  0.159 %    86.720 ±  0.217 %

====== Perplexity statistics ======
Mean PPL(Q)                   :   6.295362 ±   0.096292
Mean PPL(base)                :   6.331690 ±   0.100652
Cor(ln(PPL(Q)), ln(PPL(base))):  95.95%
Mean ln(PPL(Q)/PPL(base))     :  -0.005754 ±   0.004479
Mean PPL(Q)/PPL(base)         :   0.994263 ±   0.004453
Mean PPL(Q)-PPL(base)         :  -0.036328 ±   0.028358

====== KL divergence statistics ======
Mean    KLD:   0.126413 ±   0.004212
Maximum KLD:  28.326435
99.9%   KLD:   9.231084
99.0%   KLD:   1.410295
95.0%   KLD:   0.391900
90.0%   KLD:   0.209821
Median  KLD:   0.040071
10.0%   KLD:   0.000490
 5.0%   KLD:   0.000115
 1.0%   KLD:   0.000013
 0.1%   KLD:   0.000001
Minimum KLD:  -0.000005

====== Token probability statistics ======
Mean    Δp: -0.889 ± 0.060 %
Maximum Δp: 99.947%
99.9%   Δp: 76.613%
99.0%   Δp: 22.728%
95.0%   Δp:  9.517%
90.0%   Δp:  5.346%
75.0%   Δp:  0.885%
Median  Δp: -0.021%
25.0%   Δp: -2.073%
10.0%   Δp: -7.898%
 5.0%   Δp: -13.676%
 1.0%   Δp: -33.351%
 0.1%   Δp: -74.096%
Minimum Δp: -97.471%
RMS Δp    :  9.373 ± 0.159 %
Same top p: 86.720 ± 0.217 %

