0.00.195.443 I common_init_result: fitting params to device memory ...
0.00.195.446 I common_init_result: (for bugs during this step try to reproduce them with -fit off, or provide --verbose logs if the bug only occurs with -fit on)
0.03.765.986 W llama_context: n_ctx_seq (4096) < n_ctx_train (262144) -- the full capacity of the model will not be utilized
0.03.801.010 I common_init_from_params: warming up the model with an empty run - please wait ... (--no-warmup to disable)
TCQ decode: context-adaptive V alpha enabled
0.04.015.766 I 
0.04.015.847 I system_info: n_threads = 8 (n_threads_batch = 8) / 16 | CUDA : ARCHS = 750,800,860,890,900,1200,1210 | USE_GRAPHS = 1 | PEER_MAX_BATCH_SIZE = 128 | CPU : SSE3 = 1 | SSSE3 = 1 | AVX = 1 | AVX2 = 1 | F16C = 1 | FMA = 1 | BMI2 = 1 | LLAMAFILE = 1 | OPENMP = 1 | REPACK = 1 | 
0.04.151.075 I kl_divergence: computing over 12 chunks, n_ctx=4096, batch_size=512, n_seq=1
0.07.886.163 I kl_divergence: 3.74 seconds per pass - ETA 0.73 minutes

chunk             PPL               ln(PPL(Q)/PPL(base))          KL Divergence              Δp RMS            Same top p
   1       7.1429 ±    0.3772       0.03457 ±    0.00790       0.04886 ±    0.00228     6.049 ±  0.401 %    89.595 ±  0.675 %
   2       6.9225 ±    0.2650       0.03191 ±    0.00558       0.04743 ±    0.00174     6.204 ±  0.262 %    90.278 ±  0.463 %
   3       5.4755 ±    0.1629       0.02575 ±    0.00442       0.04644 ±    0.00138     6.275 ±  0.203 %    91.060 ±  0.364 %
   4       5.5190 ±    0.1460      -0.04163 ±    0.00765       0.09509 ±    0.00741     7.960 ±  0.283 %    89.985 ±  0.332 %
   5       5.8332 ±    0.1405      -0.07114 ±    0.00750       0.11425 ±    0.00764     8.361 ±  0.265 %    89.096 ±  0.308 %
   6       5.9175 ±    0.1298      -0.05617 ±    0.00634       0.10007 ±    0.00638     7.898 ±  0.237 %    89.424 ±  0.278 %
   7       6.0920 ±    0.1232      -0.04538 ±    0.00552       0.09033 ±    0.00548     7.510 ±  0.214 %    89.608 ±  0.255 %
   8       6.2310 ±    0.1175      -0.03643 ±    0.00491       0.08351 ±    0.00480     7.224 ±  0.196 %    89.729 ±  0.237 %
   9       6.2644 ±    0.1106      -0.03014 ±    0.00444       0.07876 ±    0.00427     7.051 ±  0.179 %    89.779 ±  0.223 %
  10       5.9853 ±    0.0999      -0.02605 ±    0.00412       0.07932 ±    0.00396     7.255 ±  0.167 %    89.956 ±  0.210 %
  11       6.0948 ±    0.0973      -0.03597 ±    0.00407       0.08830 ±    0.00383     7.403 ±  0.158 %    89.630 ±  0.203 %
  12       6.1346 ±    0.0935      -0.03162 ±    0.00378       0.08468 ±    0.00352     7.261 ±  0.149 %    89.733 ±  0.194 %

====== Perplexity statistics ======
Mean PPL(Q)                   :   6.134633 ±   0.093542
Mean PPL(base)                :   6.331690 ±   0.100652
Cor(ln(PPL(Q)), ln(PPL(base))):  97.14%
Mean ln(PPL(Q)/PPL(base))     :  -0.031617 ±   0.003778
Mean PPL(Q)/PPL(base)         :   0.968878 ±   0.003660
Mean PPL(Q)-PPL(base)         :  -0.197057 ±   0.024259

====== KL divergence statistics ======
Mean    KLD:   0.084678 ±   0.003518
Maximum KLD:  24.565241
99.9%   KLD:   8.101169
99.0%   KLD:   1.031022
95.0%   KLD:   0.230230
90.0%   KLD:   0.120673
Median  KLD:   0.022543
10.0%   KLD:   0.000295
 5.0%   KLD:   0.000068
 1.0%   KLD:   0.000007
 0.1%   KLD:   0.000001
Minimum KLD:  -0.000011

====== Token probability statistics ======
Mean    Δp: -0.289 ± 0.046 %
Maximum Δp: 99.730%
99.9%   Δp: 70.252%
99.0%   Δp: 19.839%
95.0%   Δp:  8.031%
90.0%   Δp:  4.440%
75.0%   Δp:  0.807%
Median  Δp: -0.008%
25.0%   Δp: -1.392%
10.0%   Δp: -5.688%
 5.0%   Δp: -9.306%
 1.0%   Δp: -21.729%
 0.1%   Δp: -51.278%
Minimum Δp: -99.811%
RMS Δp    :  7.261 ± 0.149 %
Same top p: 89.733 ± 0.194 %

