note: e0827 is a fork.response; replaying its request e0826
  e0827: 20 messages, digest VERIFIED sha=a7d695adc2f9f666 n=19 ver=1
replaying e0827: 20 messages, params={"temperature": 0.6, "top_k": 20, "top_p": 1.0, "max_tokens": 4096, "preserve_thinking": true, "enable_thinking": false}
digest: sha=a7d695adc2f9f666 n=19 ver=1  (matches baseline)
anchor: 'common_chat_templates_apply'   k=36

    1/36  HIT     3.1s   1530 chars
    2/36  HIT     4.7s   2258 chars
    3/36  HIT     3.6s   1811 chars
    4/36  HIT     3.4s   1742 chars
    5/36  HIT     1.9s    890 chars
    6/36  HIT     2.4s   1115 chars
    7/36  HIT     2.4s   1122 chars
    8/36  HIT     4.5s   2222 chars
    9/36  HIT     4.2s   1991 chars
   10/36  HIT     5.8s   2857 chars
   11/36  HIT     4.4s   2172 chars
   12/36  HIT     4.5s   2336 chars
   13/36  HIT     4.1s   2141 chars
   14/36  HIT     4.8s   2401 chars
   15/36  HIT     2.4s   1081 chars
   16/36  HIT     4.2s   2307 chars
   17/36  HIT     5.8s   2604 chars
   18/36  HIT     2.2s   1069 chars
   19/36  HIT     5.0s   2284 chars
   20/36  HIT     4.9s   2535 chars
   21/36  HIT     2.1s   1113 chars
   22/36  HIT     3.2s   1646 chars
   23/36  HIT     4.3s   2092 chars
   24/36  HIT     3.7s   1837 chars
   25/36  HIT     1.9s    962 chars
   26/36  HIT     3.9s   1950 chars
   27/36  HIT     1.9s    907 chars
   28/36  HIT     5.4s   2491 chars
   29/36  HIT     5.4s   2495 chars
   30/36  HIT     3.9s   1938 chars
   31/36  HIT     2.6s   1241 chars
   32/36  HIT     2.8s   1516 chars
   33/36  HIT     1.9s   1066 chars
   34/36  HIT     3.7s   1866 chars
   35/36  HIT     3.3s   1577 chars
   36/36  HIT     5.3s   2602 chars

rate: 36/36 = 1.000   95% CI [0.904, 1.000]
latency: median 3.9s  max 5.8s  total 134s

verdict: PASS — canary consistent with pinned substrate
