note: e0827 is a fork.response; replaying its request e0826
  e0827: 20 messages, digest VERIFIED sha=a7d695adc2f9f666 n=19 ver=1
replaying e0827: 20 messages, params={"temperature": 0.6, "top_k": 20, "top_p": 1.0, "max_tokens": 4096, "preserve_thinking": true, "enable_thinking": false}
digest: sha=a7d695adc2f9f666 n=19 ver=1
anchor: 'common_chat_templates_apply'   k=36

    1/36  HIT    11.5s   2125 chars
    2/36  HIT     5.0s   2594 chars
    3/36  HIT     5.5s   2732 chars
    4/36  HIT     1.8s    945 chars
    5/36  HIT     3.0s   1562 chars
    6/36  HIT     4.8s   2185 chars
    7/36  HIT     4.1s   2048 chars
    8/36  HIT     3.7s   1749 chars
    9/36  HIT     4.7s   2341 chars
   10/36  HIT     3.8s   2023 chars
   11/36  HIT     3.0s   1471 chars
   12/36  HIT     4.2s   2210 chars
   13/36  HIT     4.1s   2013 chars
   14/36  HIT     5.5s   2635 chars
   15/36  HIT     4.7s   2421 chars
   16/36  HIT     2.1s    939 chars
   17/36  HIT     2.1s   1001 chars
   18/36  HIT     4.2s   2102 chars
   19/36  HIT     3.6s   1866 chars
   20/36  HIT     3.8s   1808 chars
   21/36  HIT     1.8s    766 chars
   22/36  HIT     5.3s   2441 chars
   23/36  HIT     4.1s   2134 chars
   24/36  HIT     3.5s   1865 chars
   25/36  HIT     3.2s   1632 chars
   26/36  HIT     4.7s   2456 chars
   27/36  HIT     3.2s   1584 chars
   28/36  HIT     4.2s   2145 chars
   29/36  HIT     1.6s    840 chars
   30/36  HIT     5.2s   2576 chars
   31/36  HIT     4.9s   2266 chars
   32/36  HIT     4.4s   2230 chars
   33/36  HIT     4.3s   2031 chars
   34/36  HIT     4.1s   2130 chars
   35/36  HIT     5.3s   2583 chars
   36/36  HIT     2.1s   1049 chars

rate: 36/36 = 1.000   95% CI [0.904, 1.000]
latency: median 4.1s  max 11.5s  total 147s

BASELINE ESTABLISHED (no --expect given).
Drift detection is possible from the NEXT run onward, not this one.
baseline written: r2win/canary-baseline.json
