note: e0827 is a fork.response; replaying its request e0826
  e0827: 20 messages, digest VERIFIED sha=a7d695adc2f9f666 n=19 ver=1
replaying e0827: 20 messages, params={"temperature": 0.6, "top_k": 20, "top_p": 1.0, "max_tokens": 4096, "preserve_thinking": true, "enable_thinking": false}
digest: sha=a7d695adc2f9f666 n=19 ver=1  (matches baseline)
anchor: 'common_chat_templates_apply'   k=36

    1/36  HIT    17.2s   2121 chars
    2/36  HIT     8.7s   2221 chars
    3/36  HIT     7.3s   1686 chars
    4/36  HIT    10.0s   1889 chars
    5/36  HIT     5.0s   1301 chars
    6/36  HIT     8.9s   1961 chars
    7/36  HIT     9.8s   2599 chars
    8/36  HIT    11.7s   2639 chars
    9/36  HIT     6.9s   1864 chars
   10/36  HIT     5.0s   1375 chars
   11/36  HIT     9.8s   2283 chars
   12/36  HIT     4.6s    984 chars
   13/36  HIT     8.8s   2111 chars
   14/36  HIT     9.0s   2273 chars
   15/36  HIT     5.4s   1268 chars
   16/36  HIT     9.3s   2116 chars
   17/36  HIT     7.9s   1882 chars
   18/36  HIT     5.8s   1401 chars
   19/36  HIT     8.2s   2075 chars
   20/36  HIT    11.9s   2621 chars
   21/36  HIT     7.0s   1736 chars
   22/36  HIT     5.4s   1362 chars
   23/36  HIT     4.7s    991 chars
   24/36  HIT     5.4s   1219 chars
   25/36  HIT    10.9s   2678 chars
   26/36  HIT    11.7s   2810 chars
   27/36  HIT     3.3s    808 chars
   28/36  HIT     7.6s   1897 chars
   29/36  HIT     8.1s   2054 chars
   30/36  HIT     7.0s   1872 chars
   31/36  HIT     4.0s   1020 chars
   32/36  HIT     4.1s    916 chars
   33/36  HIT     7.4s   1798 chars
   34/36  HIT     4.9s   1084 chars
   35/36  HIT     9.2s   2261 chars
   36/36  miss    0.8s     84 chars

rate: 35/36 = 0.972   95% CI [0.858, 0.995]
latency: median 7.6s  max 17.2s  total 273s

verdict: DRIFT — canary expected 1.00, observed CI [0.86,1.00] — SUBSTRATE DRIFT, other verdicts in this run are void
