note: e0827 is a fork.response; replaying its request e0826
  e0827: 20 messages, digest VERIFIED sha=a7d695adc2f9f666 n=19 ver=1
replaying e0827: 20 messages, params={"temperature": 0.6, "top_k": 20, "top_p": 1.0, "max_tokens": 4096, "preserve_thinking": true, "enable_thinking": false}
digest: sha=a7d695adc2f9f666 n=19 ver=1  (matches baseline)
anchor: 'common_chat_templates_apply'   k=36

    1/36  HIT    11.3s   1133 chars
    2/36  HIT     9.5s   2264 chars
    3/36  HIT    10.7s   2596 chars
    4/36  HIT     3.3s    892 chars
    5/36  HIT     8.6s   2051 chars
    6/36  HIT     6.9s   1586 chars
    7/36  HIT     9.9s   2230 chars
    8/36  HIT     9.9s   2220 chars
    9/36  HIT     3.5s    906 chars
   10/36  HIT     5.1s   1190 chars
   11/36  HIT     8.4s   2290 chars
   12/36  HIT     8.7s   2312 chars
   13/36  HIT     3.1s    744 chars
   14/36  HIT     9.2s   2344 chars
   15/36  HIT     3.2s    741 chars
   16/36  HIT     8.4s   1948 chars
   17/36  HIT     3.9s    920 chars
   18/36  HIT     5.3s   1304 chars
   19/36  HIT     6.3s   1598 chars
   20/36  HIT     7.8s   1948 chars
   21/36  HIT    11.9s   2636 chars
   22/36  HIT     4.4s   1222 chars
   23/36  HIT     4.6s   1214 chars
   24/36  HIT    11.5s   2391 chars
   25/36  HIT     3.9s    918 chars
   26/36  HIT     7.5s   1776 chars
   27/36  HIT     7.4s   2000 chars
   28/36  HIT     4.5s   1033 chars
   29/36  HIT    11.2s   2518 chars
   30/36  HIT     5.2s   1367 chars
   31/36  HIT     8.6s   2000 chars
   32/36  HIT     5.1s   1297 chars
   33/36  HIT     5.5s   1337 chars
   34/36  HIT     9.8s   2417 chars
   35/36  HIT     4.3s   1090 chars
   36/36  HIT     9.9s   2493 chars

rate: 36/36 = 1.000   95% CI [0.904, 1.000]
latency: median 7.5s  max 11.9s  total 258s
baseline: 354/360 = 0.9833 pooled over 10 committed draws; test at z = 2.576

verdict: PASS — canary consistent with pinned substrate
