note: e0827 is a fork.response; replaying its request e0826
  e0827: 20 messages, digest VERIFIED sha=a7d695adc2f9f666 n=19 ver=1
replaying e0827: 20 messages, params={"temperature": 0.6, "top_k": 20, "top_p": 1.0, "max_tokens": 4096, "preserve_thinking": true, "enable_thinking": false}
digest: sha=a7d695adc2f9f666 n=19 ver=1  (matches baseline)
anchor: 'common_chat_templates_apply'   k=36

    1/36  HIT    11.0s   2353 chars
    2/36  HIT     1.9s   1002 chars
    3/36  HIT     5.4s   2767 chars
    4/36  HIT     5.1s   2596 chars
    5/36  HIT     5.2s   2693 chars
    6/36  HIT     3.6s   1989 chars
    7/36  HIT     5.4s   2464 chars
    8/36  HIT     5.7s   2836 chars
    9/36  HIT     2.0s    937 chars
   10/36  HIT     4.2s   2141 chars
   11/36  HIT     3.7s   2003 chars
   12/36  HIT     1.8s    889 chars
   13/36  HIT     4.9s   2376 chars
   14/36  HIT     4.3s   2111 chars
   15/36  HIT     4.7s   2728 chars
   16/36  HIT     1.9s    868 chars
   17/36  HIT     4.0s   2035 chars
   18/36  HIT     4.2s   2079 chars
   19/36  HIT     1.8s    897 chars
   20/36  HIT     2.7s   1299 chars
   21/36  HIT     5.1s   2509 chars
   22/36  HIT     4.0s   1926 chars
   23/36  HIT     5.1s   2397 chars
   24/36  HIT     3.5s   1586 chars
   25/36  HIT     4.3s   2193 chars
   26/36  HIT     4.4s   2442 chars
   27/36  HIT     5.6s   2807 chars
   28/36  HIT     5.2s   2570 chars
   29/36  HIT     5.9s   2925 chars
   30/36  HIT     1.6s    843 chars
   31/36  HIT     5.2s   2533 chars
   32/36  HIT     4.7s   2551 chars
   33/36  HIT     2.2s    997 chars
   34/36  HIT     3.4s   1466 chars
   35/36  HIT     3.9s   1905 chars
   36/36  HIT     4.3s   2125 chars

rate: 36/36 = 1.000   95% CI [0.904, 1.000]
latency: median 4.3s  max 11.0s  total 152s

verdict: PASS — canary consistent with pinned substrate
