note: e0827 is a fork.response; replaying its request e0826
  e0827: 20 messages, digest VERIFIED sha=a7d695adc2f9f666 n=19 ver=1
replaying e0827: 20 messages, params={"temperature": 0.6, "top_k": 20, "top_p": 1.0, "max_tokens": 4096, "preserve_thinking": true, "enable_thinking": false}
digest: sha=a7d695adc2f9f666 n=19 ver=1  (matches baseline)
anchor: 'common_chat_templates_apply'   k=36

    1/36  HIT    10.9s   1890 chars
    2/36  HIT     3.4s   1781 chars
    3/36  HIT     1.7s    818 chars
    4/36  HIT     4.9s   2755 chars
    5/36  HIT     4.2s   2179 chars
    6/36  HIT     2.8s   1437 chars
    7/36  HIT     1.8s    970 chars
    8/36  HIT     4.1s   2051 chars
    9/36  HIT     3.4s   1670 chars
   10/36  HIT     6.3s   3364 chars
   11/36  HIT     2.5s   1212 chars
   12/36  HIT     4.4s   2227 chars
   13/36  HIT     4.3s   2093 chars
   14/36  HIT     5.3s   2644 chars
   15/36  HIT     2.0s   1015 chars
   16/36  HIT     4.2s   2039 chars
   17/36  HIT     4.8s   2335 chars
   18/36  HIT     5.1s   3012 chars
   19/36  HIT     2.7s   1323 chars
   20/36  HIT     2.1s   1059 chars
   21/36  HIT     4.0s   2021 chars
   22/36  HIT     1.9s    777 chars
   23/36  HIT     4.4s   2155 chars
   24/36  HIT     3.9s   1791 chars
   25/36  HIT     4.4s   2179 chars
   26/36  HIT     2.2s   1257 chars
   27/36  HIT     3.7s   2131 chars
   28/36  HIT     4.3s   2231 chars
   29/36  HIT     4.8s   2431 chars
   30/36  HIT     4.3s   2255 chars
   31/36  HIT     9.1s   4472 chars
   32/36  HIT     2.8s   1335 chars
   33/36  HIT     5.3s   2447 chars
   34/36  HIT     4.5s   2420 chars
   35/36  HIT     4.2s   2176 chars
   36/36  HIT     4.1s   2036 chars

rate: 36/36 = 1.000   95% CI [0.904, 1.000]
latency: median 4.2s  max 10.9s  total 149s

verdict: PASS — canary consistent with pinned substrate
