note: e0827 is a fork.response; replaying its request e0826
  e0827: 20 messages, digest VERIFIED sha=a7d695adc2f9f666 n=19 ver=1
replaying e0827: 20 messages, params={"temperature": 0.6, "top_k": 20, "top_p": 1.0, "max_tokens": 4096, "preserve_thinking": true, "enable_thinking": false}
digest: sha=a7d695adc2f9f666 n=19 ver=1  (matches baseline)
anchor: 'common_chat_templates_apply'   k=36

    1/36  HIT    13.6s   1530 chars
    2/36  HIT     7.7s   1841 chars
    3/36  HIT     9.3s   1969 chars
    4/36  HIT     7.5s   1840 chars
    5/36  HIT     9.9s   2391 chars
    6/36  HIT     9.9s   2279 chars
    7/36  HIT     9.0s   2371 chars
    8/36  HIT     7.5s   1679 chars
    9/36  HIT     8.7s   2114 chars
   10/36  HIT     9.1s   2121 chars
   11/36  HIT     6.3s   1543 chars
   12/36  HIT    10.6s   2752 chars
   13/36  HIT     4.4s   1148 chars
   14/36  HIT     4.6s   1162 chars
   15/36  HIT     3.6s    994 chars
   16/36  HIT     8.9s   2196 chars
   17/36  HIT    10.0s   2357 chars
   18/36  HIT     4.4s   1107 chars
   19/36  HIT     8.1s   1860 chars
   20/36  HIT     9.0s   2097 chars
   21/36  HIT     9.1s   2338 chars
   22/36  HIT    10.7s   2449 chars
   23/36  HIT     6.6s   1729 chars
   24/36  HIT    12.6s   2643 chars
   25/36  HIT    10.7s   2279 chars
   26/36  HIT    11.1s   2319 chars
   27/36  HIT    11.5s   2508 chars
   28/36  HIT     8.3s   2109 chars
   29/36  HIT     6.2s   1474 chars
   30/36  HIT    12.2s   2633 chars
   31/36  HIT     8.2s   2073 chars
   32/36  HIT     9.0s   1982 chars
   33/36  HIT     4.0s    912 chars
   34/36  HIT    10.2s   2331 chars
   35/36  HIT    10.9s   2160 chars
   36/36  HIT    10.9s   2502 chars

rate: 36/36 = 1.000   95% CI [0.904, 1.000]
latency: median 9.0s  max 13.6s  total 314s
baseline: 354/360 = 0.9833 pooled over 10 committed draws; test at z = 2.576

verdict: PASS — canary consistent with pinned substrate
