note: e0827 is a fork.response; replaying its request e0826
  e0827: 20 messages, digest VERIFIED sha=a7d695adc2f9f666 n=19 ver=1
replaying e0827: 20 messages, params={"temperature": 0.6, "top_k": 20, "top_p": 1.0, "max_tokens": 4096, "preserve_thinking": true, "enable_thinking": false}
digest: sha=a7d695adc2f9f666 n=19 ver=1  (matches baseline)
anchor: 'common_chat_templates_apply'   k=36

    1/36  HIT    15.0s   2051 chars
    2/36  HIT     5.9s   1336 chars
    3/36  HIT     9.8s   2080 chars
    4/36  HIT     8.3s   1903 chars
    5/36  HIT     9.4s   1989 chars
    6/36  HIT     9.5s   2032 chars
    7/36  HIT     6.2s   1502 chars
    8/36  HIT     7.7s   1680 chars
    9/36  HIT     9.0s   2023 chars
   10/36  HIT     5.0s   1053 chars
   11/36  HIT    11.0s   2316 chars
   12/36  HIT    11.1s   2347 chars
   13/36  HIT    10.3s   2134 chars
   14/36  HIT    12.7s   3046 chars
   15/36  HIT     8.1s   1794 chars
   16/36  HIT     4.2s   1079 chars
   17/36  HIT     4.0s   1097 chars
   18/36  HIT    10.1s   2490 chars
   19/36  HIT     8.7s   2222 chars
   20/36  HIT    10.3s   2612 chars
   21/36  HIT     8.5s   2058 chars
   22/36  HIT    10.9s   2584 chars
   23/36  HIT     4.5s   1016 chars
   24/36  HIT    10.5s   2318 chars
   25/36  miss    0.8s     84 chars
   26/36  HIT    10.2s   2512 chars
   27/36  HIT    11.0s   2498 chars
   28/36  HIT     8.2s   2094 chars
   29/36  HIT     4.8s   1313 chars
   30/36  HIT     5.5s   1149 chars
   31/36  HIT     5.6s   1455 chars
   32/36  HIT     4.2s    971 chars
   33/36  HIT     7.7s   1938 chars
   34/36  HIT     9.4s   2198 chars
   35/36  HIT     6.4s   1698 chars
   36/36  HIT     6.3s   1428 chars

rate: 35/36 = 0.972   95% CI [0.858, 0.995]
latency: median 8.5s  max 15.0s  total 291s
baseline: 354/360 = 0.9833 pooled over 10 committed draws; test at z = 2.576

verdict: PASS — canary consistent with pinned substrate
