note: e0827 is a fork.response; replaying its request e0826
  e0827: 20 messages, digest VERIFIED sha=a7d695adc2f9f666 n=19 ver=1
replaying e0827: 20 messages, params={"temperature": 0.6, "top_k": 20, "top_p": 1.0, "max_tokens": 4096, "preserve_thinking": true, "enable_thinking": false}
digest: sha=a7d695adc2f9f666 n=19 ver=1
anchor: 'common_chat_templates_apply'   k=36

    1/36  HIT    12.1s   1306 chars
    2/36  HIT     6.1s   1777 chars
    3/36  HIT     3.7s    917 chars
    4/36  HIT     5.4s   1537 chars
    5/36  HIT     4.6s   1354 chars
    6/36  HIT     5.9s   1742 chars
    7/36  HIT     5.2s   1584 chars
    8/36  HIT     5.9s   1703 chars
    9/36  HIT     6.1s   1849 chars
   10/36  HIT     3.9s   1099 chars
   11/36  HIT     9.9s   2618 chars
   12/36  HIT     5.7s   1651 chars
   13/36  HIT     6.0s   1776 chars
   14/36  HIT     4.6s   1348 chars
   15/36  HIT     5.7s   1637 chars
   16/36  HIT     5.7s   1551 chars
   17/36  HIT     4.1s   1023 chars
   18/36  HIT     3.5s    918 chars
   19/36  HIT     4.9s   1374 chars
   20/36  HIT     4.3s   1118 chars
   21/36  HIT    11.8s   3355 chars
   22/36  HIT     6.0s   1739 chars
   23/36  HIT     5.4s   1557 chars
   24/36  HIT     5.7s   1608 chars
   25/36  HIT     4.9s   1424 chars
   26/36  HIT     5.1s   1496 chars
   27/36  HIT     5.1s   1523 chars
   28/36  HIT    12.9s   3606 chars
   29/36  HIT     4.9s   1403 chars
   30/36  HIT     4.2s   1240 chars
   31/36  HIT     6.4s   1692 chars
   32/36  HIT     4.3s   1250 chars
   33/36  HIT     6.9s   1792 chars
   34/36  HIT     6.3s   1886 chars
   35/36  HIT     5.0s   1460 chars
   36/36  HIT     5.6s   1669 chars

rate: 36/36 = 1.000   95% CI [0.904, 1.000]
latency: median 5.6s  max 12.9s  total 214s

BASELINE ESTABLISHED (no --expect given).
Drift detection is possible from the NEXT run onward, not this one.
