note: e0827 is a fork.response; replaying its request e0826
  e0827: 20 messages, digest VERIFIED sha=a7d695adc2f9f666 n=19 ver=1
replaying e0827: 20 messages, params={"temperature": 0.6, "top_k": 20, "top_p": 1.0, "max_tokens": 4096, "preserve_thinking": true, "enable_thinking": false}
digest: sha=a7d695adc2f9f666 n=19 ver=1  (matches baseline)
anchor: 'common_chat_templates_apply'   k=36

    1/36  HIT    14.7s   1828 chars
    2/36  HIT    10.0s   2257 chars
    3/36  HIT     7.3s   1855 chars
    4/36  HIT     6.8s   1590 chars
    5/36  HIT     3.6s    940 chars
    6/36  HIT    10.0s   2416 chars
    7/36  HIT     9.0s   2339 chars
    8/36  HIT     4.6s   1214 chars
    9/36  HIT     6.9s   1802 chars
   10/36  HIT     7.3s   1937 chars
   11/36  HIT     5.7s   1301 chars
   12/36  HIT     6.8s   1834 chars
   13/36  HIT     9.6s   2263 chars
   14/36  HIT     9.1s   2262 chars
   15/36  HIT    11.1s   2349 chars
   16/36  HIT    10.7s   2549 chars
   17/36  HIT     5.2s   1237 chars
   18/36  HIT    10.6s   2531 chars
   19/36  HIT     7.3s   1863 chars
   20/36  HIT     3.9s    867 chars
   21/36  HIT    10.7s   2170 chars
   22/36  HIT    10.0s   2134 chars
   23/36  HIT    12.8s   2701 chars
   24/36  HIT     4.4s   1149 chars
   25/36  HIT    11.3s   2322 chars
   26/36  HIT    12.3s   2873 chars
   27/36  HIT     8.2s   2220 chars
   28/36  HIT     7.2s   1685 chars
   29/36  HIT     5.7s   1507 chars
   30/36  HIT     4.4s   1059 chars
   31/36  HIT     4.8s   1225 chars
   32/36  HIT    10.3s   2650 chars
   33/36  HIT     9.6s   2314 chars
   34/36  HIT     5.1s   1300 chars
   35/36  HIT    10.8s   2443 chars
   36/36  HIT     9.0s   2368 chars

rate: 36/36 = 1.000   95% CI [0.904, 1.000]
latency: median 9.0s  max 14.7s  total 297s
baseline: 354/360 = 0.9833 pooled over 10 committed draws; test at z = 2.576

verdict: PASS — canary consistent with pinned substrate
